export const snapshot = {};

snapshot[`allOf-missing-and 1`] = `
'import { makeApi, Zodios, type ZodiosOptions } from "@franklin-ai/zodios";
import { z } from "zod";

const test1 = z.object({ text1: z.string() }).partial().passthrough();
const test2 = z.object({ text2: z.number() }).partial().passthrough();
const test3 = z.object({ text3: z.boolean() }).partial().passthrough();
const test4 = test1.and(test2).and(test3);

export const schemas = {
  test1,
  test2,
  test3,
  test4,
};

const endpoints = makeApi([
  {
    method: "put",
    path: "/pet",
    requestFormat: "json",
    response: test4,
  },
]);

export const api = new Zodios(endpoints);

export function createApiClient(baseUrl: string, options?: ZodiosOptions) {
  return new Zodios(baseUrl, endpoints, options);
}
'
`;
