export const snapshot = {};

snapshot[`infer-as-object-when-only-properties-set 1`] = `
<ref *1> CodeMeta {
  children: [
    CodeMeta {
      children: [],
      code: "z.string()",
      ctx: undefined,
      meta: {
        isRequired: true,
        name: "str",
        parent: [Circular *1],
        referencedBy: [],
      },
      ref: undefined,
      schema: {
        type: "string",
      },
    },
    <ref *2> CodeMeta {
      children: [
        CodeMeta {
          children: [],
          code: "z.number()",
          ctx: undefined,
          meta: {
            parent: [Circular *2],
            referencedBy: [],
          },
          ref: undefined,
          schema: {
            type: "number",
          },
        },
      ],
      code: "z.record(z.string(), z.number())",
      ctx: undefined,
      meta: {
        isRequired: true,
        name: "nested",
        parent: [Circular *1],
        referencedBy: [],
      },
      ref: undefined,
      schema: {
        additionalProperties: {
          type: "number",
        },
      },
    },
  ],
  code: "z.object({ str: z.string(), nested: z.record(z.string(), z.number()) }).partial().passthrough()",
  ctx: undefined,
  meta: {
    referencedBy: [],
  },
  ref: undefined,
  schema: {
    properties: {
      nested: {
        additionalProperties: {
          type: "number",
        },
      },
      str: {
        type: "string",
      },
    },
  },
}
`;
