export const snapshot = {};

snapshot[`inline-simple-schemas 1`] = `
'import { makeApi, Zodios, type ZodiosOptions } from "@franklin-ai/zodios";
import { z } from "zod";

const BasicString = z.string();
const SimpleObject = z.object({ str: z.string() }).partial().passthrough();
const ComplexObject = z
  .object({
    str: z.string(),
    strRef: BasicString,
    num: z.number(),
    bool: z.boolean(),
    ref: SimpleObject,
    refArray: z.array(SimpleObject),
  })
  .partial()
  .passthrough();

export const schemas = {
  BasicString,
  SimpleObject,
  ComplexObject,
};

const endpoints = makeApi([
  {
    method: "get",
    path: "/inline-simple-schemas",
    requestFormat: "json",
    response: z.string(),
    errors: [
      {
        status: 400,
        schema: z.enum(["xxx", "yyy", "zzz"]),
      },
      {
        status: 401,
        schema: z.enum(["xxx", "yyy", "zzz"]),
      },
      {
        status: 402,
        schema: z.array(z.string()),
      },
      {
        status: 403,
        schema: z.object({ str: z.string() }).partial().passthrough(),
      },
      {
        status: 404,
        schema: z.object({ str: z.string() }).partial().passthrough(),
      },
      {
        status: 405,
        schema: z.array(SimpleObject),
      },
      {
        status: 406,
        schema: z.array(z.object({ str: z.string() }).partial().passthrough()),
      },
      {
        status: 407,
        schema: z.array(ComplexObject),
      },
    ],
  },
]);

export const api = new Zodios(endpoints);

export function createApiClient(baseUrl: string, options?: ZodiosOptions) {
  return new Zodios(baseUrl, endpoints, options);
}
'
`;
