export const snapshot = {};

snapshot[`allOf-missing-and 1`] = `
'import { makeApi, Zodios, type ZodiosOptions } from "@franklin-ai/zodios";
import { z } from "zod";

const test2 = z
  .object({ text2: z.string().min(5).max(10) })
  .partial()
  .passthrough();

export const schemas = {
  test2,
};

const endpoints = makeApi([
  {
    method: "put",
    path: "/pet",
    requestFormat: "json",
    response: z
      .object({ text2: z.string().min(5).max(10) })
      .partial()
      .passthrough(),
  },
]);

export const api = new Zodios(endpoints);

export function createApiClient(baseUrl: string, options?: ZodiosOptions) {
  return new Zodios(baseUrl, endpoints, options);
}
'
`;
