export const snapshot = {};

snapshot[`missing-zod-chains-on-z-object-with-refs-props 1`] = `
'import { makeApi, Zodios, type ZodiosOptions } from "@zodios/core";
import { z } from "zod";

const Email = z.string();
const Password = z.string();
const AddUser = z
  .object({
    email: Email.min(6)
      .max(255)
      .regex(/(EmailRegex)/),
    password: Password.min(16)
      .max(255)
      .regex(/(PasswordRegex)/),
  })
  .passthrough();
const PasswordReminder = z
  .object({
    email: Email.min(6)
      .max(255)
      .regex(/(EmailRegex)/),
  })
  .passthrough();

export const schemas = {
  Email,
  Password,
  AddUser,
  PasswordReminder,
};

const endpoints = makeApi([
  {
    method: "post",
    path: "/user/add",
    requestFormat: "json",
    parameters: [
      {
        name: "body",
        type: "Body",
        schema: z
          .object({
            email: Email.min(6)
              .max(255)
              .regex(/(EmailRegex)/),
            password: Password.min(16)
              .max(255)
              .regex(/(PasswordRegex)/),
          })
          .passthrough(),
      },
    ],
    response: z.void(),
  },
  {
    method: "post",
    path: "/user/recover",
    requestFormat: "json",
    parameters: [
      {
        name: "body",
        type: "Body",
        schema: z
          .object({
            email: Email.min(6)
              .max(255)
              .regex(/(EmailRegex)/),
          })
          .passthrough(),
      },
    ],
    response: z.void(),
  },
]);

export const api = new Zodios(endpoints);

export function createApiClient(baseUrl: string, options?: ZodiosOptions) {
  return new Zodios(baseUrl, endpoints, options);
}
'
`;
