export const snapshot = {};

snapshot[`name-with-special-characters 1`] = `
[
  {
    description: undefined,
    errors: [],
    method: "get",
    parameters: [],
    path: "/name-with-special-characters",
    requestFormat: "json",
    response: "z.string()",
  },
]
`;

snapshot[`name-with-special-characters 2`] = `
'import { makeApi, Zodios, type ZodiosOptions } from "@franklin-ai/zodios";
import { z } from "zod";

const _1Name_With_Special_Characters = z.string();

export const schemas = {
  _1Name_With_Special_Characters,
};

const endpoints = makeApi([
  {
    method: "get",
    path: "/name-with-special-characters",
    requestFormat: "json",
    response: z.string(),
  },
]);

export const api = new Zodios(endpoints);

export function createApiClient(baseUrl: string, options?: ZodiosOptions) {
  return new Zodios(baseUrl, endpoints, options);
}
'
`;
