export const snapshot = {};

snapshot[`object-default-values 1`] = `
'import { makeApi, Zodios, type ZodiosOptions } from "@franklin-ai/zodios";
import { z } from "zod";

const MyComponent = z
  .object({ id: z.number(), name: z.string() })
  .partial()
  .passthrough();

export const schemas = {
  MyComponent,
};

const endpoints = makeApi([
  {
    method: "get",
    path: "/sample",
    requestFormat: "json",
    parameters: [
      {
        name: "empty-object",
        type: "Query",
        schema: z
          .object({ foo: z.string() })
          .partial()
          .passthrough()
          .optional()
          .default({}),
      },
      {
        name: "default-object",
        type: "Query",
        schema: z
          .object({ foo: z.string() })
          .partial()
          .passthrough()
          .optional()
          .default({ foo: "bar" }),
      },
      {
        name: "ref-object",
        type: "Query",
        schema: z
          .record(z.string(), MyComponent)
          .optional()
          .default({ id: 1, name: "foo" }),
      },
    ],
    response: z.void(),
  },
]);

export const api = new Zodios(endpoints);

export function createApiClient(baseUrl: string, options?: ZodiosOptions) {
  return new Zodios(baseUrl, endpoints, options);
}
'
`;
