export const snapshot = {};

snapshot[`param-with-content 1`] = `
'import { makeApi, Zodios, type ZodiosOptions } from "@zodios/core";
import { z } from "zod";

const test3 = z.object({ text3: z.boolean() }).partial().passthrough();

export const schemas = {
  test3,
};

const endpoints = makeApi([
  {
    method: "put",
    path: "/pet",
    requestFormat: "json",
    parameters: [
      {
        name: "store",
        type: "Path",
        schema: z.number().int(),
      },
      {
        name: "thing",
        type: "Query",
        schema: z
          .object({ text1: z.string() })
          .partial()
          .passthrough()
          .optional(),
      },
      {
        name: "wrong param",
        type: "Query",
        schema: z
          .object({ text2: z.number() })
          .partial()
          .passthrough()
          .optional(),
      },
      {
        name: "Accept-Language",
        type: "Header",
        schema: z.string().optional().default("EN"),
      },
      {
        name: "missing",
        type: "Query",
        schema: z.unknown().optional(),
      },
    ],
    response: z.object({ text3: z.boolean() }).partial().passthrough(),
  },
]);

export const api = new Zodios(endpoints);

export function createApiClient(baseUrl: string, options?: ZodiosOptions) {
  return new Zodios(baseUrl, endpoints, options);
}
'
`;
