export const snapshot = {};

snapshot[`request-body-ref 1`] = `
'import { makeApi, Zodios, type ZodiosOptions } from "@zodios/core";
import { z } from "zod";

const PostPetsRequest = z.object({ id: z.string() }).partial().passthrough();

export const schemas = {
  PostPetsRequest,
};

const endpoints = makeApi([
  {
    method: "post",
    path: "/pets",
    requestFormat: "json",
    parameters: [
      {
        name: "body",
        type: "Body",
        schema: z.object({ id: z.string() }).partial().passthrough(),
      },
    ],
    response: z.void(),
  },
]);

export const api = new Zodios(endpoints);

export function createApiClient(baseUrl: string, options?: ZodiosOptions) {
  return new Zodios(baseUrl, endpoints, options);
}
'
`;
