export const snapshot = {};

snapshot[`same-schema-different-name 1`] = `
{
  circularTypeByName: {},
  emittedType: {},
  endpoints: [
    {
      description: undefined,
      errors: [],
      method: "put",
      parameters: [
        {
          name: "sameSchemaDifferentName",
          schema: "sameSchemaDifferentName",
          type: "Query",
        },
      ],
      path: "/same-schema-different-name",
      requestFormat: "json",
      response: "z.string()",
    },
    {
      description: undefined,
      errors: [],
      method: "post",
      parameters: [
        {
          name: "differentNameSameSchema",
          schema: "sameSchemaDifferentName",
          type: "Query",
        },
        {
          name: "anotherDifferentNameWithSlightlyDifferentSchema",
          schema: "anotherDifferentNameWithSlightlyDifferentSchema",
          type: "Query",
        },
      ],
      path: "/same-schema-different-name",
      requestFormat: "json",
      response: "z.string()",
    },
  ],
  endpointsGroups: {},
  options: {
    baseUrl: "",
    withAlias: false,
  },
  schemas: {
    anotherDifferentNameWithSlightlyDifferentSchema: 'z.enum(["aaa", "bbb", "ccc"]).optional().default("aaa")',
    sameSchemaDifferentName: 'z.enum(["aaa", "bbb", "ccc"]).optional()',
  },
  types: {},
}
`;

snapshot[`same-schema-different-name 2`] = `
'import { makeApi, Zodios, type ZodiosOptions } from "@zodios/core";
import { z } from "zod";

const sameSchemaDifferentName = z.enum(["aaa", "bbb", "ccc"]).optional();
const anotherDifferentNameWithSlightlyDifferentSchema = z
  .enum(["aaa", "bbb", "ccc"])
  .optional()
  .default("aaa");

export const schemas = {
  sameSchemaDifferentName,
  anotherDifferentNameWithSlightlyDifferentSchema,
};

const endpoints = makeApi([
  {
    method: "put",
    path: "/same-schema-different-name",
    requestFormat: "json",
    parameters: [
      {
        name: "sameSchemaDifferentName",
        type: "Query",
        schema: sameSchemaDifferentName,
      },
    ],
    response: z.string(),
  },
  {
    method: "post",
    path: "/same-schema-different-name",
    requestFormat: "json",
    parameters: [
      {
        name: "differentNameSameSchema",
        type: "Query",
        schema: sameSchemaDifferentName,
      },
      {
        name: "anotherDifferentNameWithSlightlyDifferentSchema",
        type: "Query",
        schema: anotherDifferentNameWithSlightlyDifferentSchema,
      },
    ],
    response: z.string(),
  },
]);

export const api = new Zodios(endpoints);

export function createApiClient(baseUrl: string, options?: ZodiosOptions) {
  return new Zodios(baseUrl, endpoints, options);
}
'
`;
